exit: 0
--- stdout
{"agent_message":"passess: /home/u/proj/.env holds secret values; reading it puts them into this conversation. Run the command that needs a secret with `passess exec -s NAME -- command`; `passess list` shows the names.","permission":"deny","user_message":"passess: /home/u/proj/.env holds secret values; reading it puts them into this conversation. Run the command that needs a secret with `passess exec -s NAME -- command`; `passess list` shows the names."}
--- stderr
