exit: 0
--- stdout
{"agent_message":"passess: `printenv` would print every variable in this environment, credentials included, into this conversation. Print only what you need, such as `printenv PATH`. Run the command that needs a secret with `passess exec -s NAME -- command`; `passess list` shows the names.","permission":"deny","user_message":"passess: `printenv` would print every variable in this environment, credentials included, into this conversation. Print only what you need, such as `printenv PATH`. Run the command that needs a secret with `passess exec -s NAME -- command`; `passess list` shows the names."}
--- stderr
